Component: ARM Compiler 5.06 update 6 (build 750) Tool: armlink [4d35ed]

==============================================================================

Section Cross References

    retarget.o(i._ttywrch) refers to retarget.o(i.sendchar) for sendchar
    retarget.o(i.fgetc) refers to retarget.o(i.getkey) for getkey
    retarget.o(i.fgetc) refers to retarget.o(i.sendchar) for sendchar
    retarget.o(i.fputc) refers to retarget.o(i.sendchar) for sendchar
    retarget.o(i.getkey) refers to uart.o(i.UARTInit) for UARTInit
    retarget.o(i.getkey) refers to uart.o(i.UARTReceiveChar) for UARTReceiveChar
    retarget.o(i.getkey) refers to retarget.o(.data) for uart_init_called
    retarget.o(i.sendchar) refers to uart.o(i.UARTInit) for UARTInit
    retarget.o(i.sendchar) refers to uart.o(i.UARTSendChar) for UARTSendChar
    retarget.o(i.sendchar) refers to retarget.o(.data) for uart_init_called
    uart.o(i.FreeRcv) refers to uart.o(i.Free) for Free
    uart.o(i.FreeRcv) refers to uart.o(.data) for RcvLock0
    uart.o(i.FreeSnd) refers to uart.o(i.Free) for Free
    uart.o(i.FreeSnd) refers to uart.o(.data) for SndLock0
    uart.o(i.LockRcv) refers to uart.o(i.Lock) for Lock
    uart.o(i.LockRcv) refers to uart.o(.data) for RcvLock0
    uart.o(i.LockSnd) refers to uart.o(i.Lock) for Lock
    uart.o(i.LockSnd) refers to uart.o(.data) for SndLock0
    uart.o(i.UART0_IRQHandler) refers to uart.o(.bss) for UART0Buffer
    uart.o(i.UART0_IRQHandler) refers to uart.o(.data) for UART0Count
    uart.o(i.UART1_IRQHandler) refers to uart.o(.bss) for UART1Buffer
    uart.o(i.UART1_IRQHandler) refers to uart.o(.data) for UART1Count
    uart.o(i.UARTInit) refers to uart.o(i.getFrequency) for getFrequency
    uart.o(i.UARTInit) refers to uart.o(i.__NVIC_EnableIRQ) for __NVIC_EnableIRQ
    uart.o(i.UARTInit) refers to uart.o(i.FreeRcv) for FreeRcv
    uart.o(i.UARTInit) refers to uart.o(i.FreeSnd) for FreeSnd
    uart.o(i.UARTRecieve) refers to uart.o(i.LockRcv) for LockRcv
    uart.o(i.UARTRecieve) refers to uart.o(i.FreeRcv) for FreeRcv
    uart.o(i.UARTRecieve) refers to uart.o(.data) for UART0Count
    uart.o(i.UARTRecieve) refers to uart.o(.bss) for UART0Buffer
    uart.o(i.UARTSend) refers to uart.o(i.LockSnd) for LockSnd
    uart.o(i.UARTSend) refers to uart.o(i.FreeSnd) for FreeSnd
    uart.o(i.UARTSend) refers to uart.o(.data) for UART0TxEmpty
    uart.o(i.getFrequency) refers to system_lpc17xx.o(.data) for SystemCoreClock
    main..o(.emb_text) refers to main..o(.data) for runningTaskStackAddr
    main..o(i.PendSV_Handler) refers to main..o(.emb_text) for contextSwitch
    main..o(i.PendSV_Handler) refers to main..o(.data) for runningTaskStackAddr
    main..o(i.PendSV_Handler) refers to main..o(.bss) for TASKS
    main..o(i.SysTick_Handler) refers to main..o(i.releaseTasks) for releaseTasks
    main..o(i.SysTick_Handler) refers to main..o(i.findPrioQueue) for findPrioQueue
    main..o(i.SysTick_Handler) refers to main..o(i.dequeue) for dequeue
    main..o(i.SysTick_Handler) refers to main..o(i.enqueue) for enqueue
    main..o(i.SysTick_Handler) refers to main..o(.data) for msTicks
    main..o(i.SysTick_Handler) refers to main..o(.bss) for PRIORITY_QUEUES
    main..o(i.dequeue) refers to main..o(i.updateQueuesBitVector) for updateQueuesBitVector
    main..o(i.enqueue) refers to main..o(i.updateQueuesBitVector) for updateQueuesBitVector
    main..o(i.findPrioQueue) refers to main..o(.bss) for PRIORITY_QUEUES
    main..o(i.findPrioQueue) refers to main..o(.data) for queues
    main..o(i.main) refers to main..o(i.osKernelInitialize) for osKernelInitialize
    main..o(i.main) refers to main..o(i.osThreadNew) for osThreadNew
    main..o(i.main) refers to main..o(i.osMutexNew) for osMutexNew
    main..o(i.main) refers to main..o(i.osKernelStart) for osKernelStart
    main..o(i.main) refers to main..o(i.t0) for t0
    main..o(i.main) refers to main..o(i.t1) for t1
    main..o(i.main) refers to main..o(i.t2) for t2
    main..o(i.main) refers to main..o(i.t3) for t3
    main..o(i.main) refers to main..o(i.t4) for t4
    main..o(i.main) refers to main..o(i.t5) for t5
    main..o(i.osDelay) refers to main..o(.data) for msTicks
    main..o(i.osKernelInitialize) refers to main..o(i.initQueue) for initQueue
    main..o(i.osKernelInitialize) refers to main..o(.bss) for TASKS
    main..o(i.osKernelStart) refers to noretval__2printf.o(.text) for __2printf
    main..o(i.osKernelStart) refers to main..o(i.__NVIC_SetPriority) for __NVIC_SetPriority
    main..o(i.osKernelStart) refers to main..o(i.t0) for t0
    main..o(i.osKernelStart) refers to main..o(.bss) for TASKS
    main..o(i.osKernelStart) refers to main..o(.data) for runningTask
    main..o(i.osKernelStart) refers to system_lpc17xx.o(.data) for SystemCoreClock
    main..o(i.osMutexAcquire) refers to main..o(i.enqueue) for enqueue
    main..o(i.osMutexAcquire) refers to main..o(i.updateMutexBitVector) for updateMutexBitVector
    main..o(i.osMutexAcquire) refers to main..o(i.taskPrioInherit) for taskPrioInherit
    main..o(i.osMutexAcquire) refers to main..o(.data) for runningTask
    main..o(i.osMutexAcquire) refers to main..o(.bss) for TASKS
    main..o(i.osMutexNew) refers to main..o(.data) for numMuts
    main..o(i.osMutexNew) refers to main..o(.bss) for MUTEXES
    main..o(i.osMutexRelease) refers to main..o(i.taskPrioReset) for taskPrioReset
    main..o(i.osMutexRelease) refers to main..o(i.updateMutexBitVector) for updateMutexBitVector
    main..o(i.osMutexRelease) refers to main..o(.data) for runningTask
    main..o(i.osMutexRelease) refers to main..o(.bss) for TASKS
    main..o(i.osSemaphoreAcquire) refers to main..o(.data) for runningTask
    main..o(i.osSemaphoreAcquire) refers to main..o(.bss) for TASKS
    main..o(i.osSemaphoreNew) refers to main..o(.data) for numSemas
    main..o(i.osSemaphoreNew) refers to main..o(.bss) for SEMAPHORES
    main..o(i.osThreadExit) refers to main..o(.data) for runningTask
    main..o(i.osThreadExit) refers to main..o(.bss) for TASKS
    main..o(i.osThreadNew) refers to main..o(i.enqueue) for enqueue
    main..o(i.osThreadNew) refers to main..o(.bss) for TASKS
    main..o(i.osThreadNew) refers to main..o(.data) for numTasks
    main..o(i.osThreadSetPriority) refers to main..o(.bss) for TASKS
    main..o(i.osThreadYield) refers to main..o(i.findPrioQueue) for findPrioQueue
    main..o(i.osThreadYield) refers to main..o(i.dequeue) for dequeue
    main..o(i.osThreadYield) refers to main..o(i.enqueue) for enqueue
    main..o(i.osThreadYield) refers to main..o(.data) for runningTask
    main..o(i.osThreadYield) refers to main..o(.bss) for PRIORITY_QUEUES
    main..o(i.releaseTasks) refers to main..o(i.enqueue) for enqueue
    main..o(i.releaseTasks) refers to main..o(.data) for msTicks
    main..o(i.releaseTasks) refers to main..o(.bss) for TASKS
    main..o(i.t0) refers to noretval__2printf.o(.text) for __2printf
    main..o(i.t1) refers to noretval__2printf.o(.text) for __2printf
    main..o(i.t1) refers to main..o(i.osThreadYield) for osThreadYield
    main..o(i.t1) refers to main..o(.bss) for TASKS
    main..o(i.t2) refers to noretval__2printf.o(.text) for __2printf
    main..o(i.t2) refers to main..o(i.osThreadYield) for osThreadYield
    main..o(i.t2) refers to main..o(.bss) for TASKS
    main..o(i.t3) refers to main..o(i.osDelay) for osDelay
    main..o(i.t3) refers to main..o(i.osMutexAcquire) for osMutexAcquire
    main..o(i.t3) refers to noretval__2printf.o(.text) for __2printf
    main..o(i.t3) refers to main..o(i.osMutexRelease) for osMutexRelease
    main..o(i.t3) refers to main..o(.bss) for TASKS
    main..o(i.t4) refers to main..o(i.osMutexAcquire) for osMutexAcquire
    main..o(i.t4) refers to noretval__2printf.o(.text) for __2printf
    main..o(i.t4) refers to main..o(i.osMutexRelease) for osMutexRelease
    main..o(i.t4) refers to main..o(.bss) for TASKS
    main..o(i.t5) refers to main..o(i.osMutexAcquire) for osMutexAcquire
    main..o(i.t5) refers to noretval__2printf.o(.text) for __2printf
    main..o(i.t5) refers to main..o(i.osMutexRelease) for osMutexRelease
    main..o(i.t5) refers to main..o(i.osDelay) for osDelay
    main..o(i.t5) refers to main..o(.bss) for TASKS
    main..o(i.taskPrioInherit) refers to main..o(i.findMutexPrio) for findMutexPrio
    main..o(i.taskPrioReset) refers to main..o(.bss) for TASKS
    main..o(i.updateQueuesBitVector) refers to main..o(.bss) for PRIORITY_QUEUES
    main..o(i.updateQueuesBitVector) refers to main..o(.data) for queues
    startup_lpc17xx.o(STACK) refers (Special) to heapauxi.o(.text) for __use_two_region_memory
    startup_lpc17xx.o(HEAP) refers (Special) to heapauxi.o(.text) for __use_two_region_memory
    startup_lpc17xx.o(RESET) refers (Special) to heapauxi.o(.text) for __use_two_region_memory
    startup_lpc17xx.o(RESET) refers to startup_lpc17xx.o(STACK) for __initial_sp
    startup_lpc17xx.o(RESET) refers to startup_lpc17xx.o(.text) for Reset_Handler
    startup_lpc17xx.o(RESET) refers to main..o(i.PendSV_Handler) for PendSV_Handler
    startup_lpc17xx.o(RESET) refers to main..o(i.SysTick_Handler) for SysTick_Handler
    startup_lpc17xx.o(RESET) refers to uart.o(i.UART0_IRQHandler) for UART0_IRQHandler
    startup_lpc17xx.o(RESET) refers to uart.o(i.UART1_IRQHandler) for UART1_IRQHandler
    startup_lpc17xx.o(.ARM.__at_0x02FC) refers (Special) to heapauxi.o(.text) for __use_two_region_memory
    startup_lpc17xx.o(.text) refers (Special) to heapauxi.o(.text) for __use_two_region_memory
    startup_lpc17xx.o(.text) refers to system_lpc17xx.o(i.SystemInit) for SystemInit
    startup_lpc17xx.o(.text) refers to __main.o(!!!main) for __main
    startup_lpc17xx.o(.text) refers to startup_lpc17xx.o(HEAP) for Heap_Mem
    startup_lpc17xx.o(.text) refers to startup_lpc17xx.o(STACK) for Stack_Mem
    system_lpc17xx.o(i.SystemCoreClockUpdate) refers to lludivv7m.o(.text) for __aeabi_uldivmod
    system_lpc17xx.o(i.SystemCoreClockUpdate) refers to system_lpc17xx.o(.data) for SystemCoreClock
    __2printf.o(.text) refers to _printf_char_file.o(.text) for _printf_char_file
    __2printf.o(.text) refers to retarget.o(.data) for __stdout
    noretval__2printf.o(.text) refers to _printf_char_file.o(.text) for _printf_char_file
    noretval__2printf.o(.text) refers to retarget.o(.data) for __stdout
    __main.o(!!!main) refers to __rtentry.o(.ARM.Collect$$rtentry$$00000000) for __rt_entry
    __rtentry.o(.ARM.Collect$$rtentry$$00000000) refers (Special) to __rtentry2.o(.ARM.Collect$$rtentry$$0000000A) for __rt_entry_li
    __rtentry.o(.ARM.Collect$$rtentry$$00000000) refers (Special) to __rtentry2.o(.ARM.Collect$$rtentry$$0000000D) for __rt_entry_main
    __rtentry.o(.ARM.Collect$$rtentry$$00000000) refers (Special) to __rtentry2.o(.ARM.Collect$$rtentry$$0000000C) for __rt_entry_postli_1
    __rtentry.o(.ARM.Collect$$rtentry$$00000000) refers (Special) to __rtentry2.o(.ARM.Collect$$rtentry$$00000009) for __rt_entry_postsh_1
    __rtentry.o(.ARM.Collect$$rtentry$$00000000) refers (Special) to __rtentry2.o(.ARM.Collect$$rtentry$$00000002) for __rt_entry_presh_1
    __rtentry.o(.ARM.Collect$$rtentry$$00000000) refers (Special) to __rtentry4.o(.ARM.Collect$$rtentry$$00000004) for __rt_entry_sh
    aeabi_ldiv0_sigfpe.o(.text) refers to rt_div0.o(.text) for __rt_div0
    _printf_char_file.o(.text) refers to _printf_char_common.o(.text) for _printf_char_common
    _printf_char_file.o(.text) refers to retarget.o(i.ferror) for ferror
    _printf_char_file.o(.text) refers to retarget.o(i.fputc) for fputc
    __rtentry2.o(.ARM.Collect$$rtentry$$00000008) refers to boardinit2.o(.text) for _platform_post_stackheap_init
    __rtentry2.o(.ARM.Collect$$rtentry$$0000000A) refers to libinit.o(.ARM.Collect$$libinit$$00000000) for __rt_lib_init
    __rtentry2.o(.ARM.Collect$$rtentry$$0000000B) refers to boardinit3.o(.text) for _platform_post_lib_init
    __rtentry2.o(.ARM.Collect$$rtentry$$0000000D) refers to main..o(i.main) for main
    __rtentry2.o(.ARM.Collect$$rtentry$$0000000D) refers to exit.o(.text) for exit
    __rtentry2.o(.ARM.exidx) refers to __rtentry2.o(.ARM.Collect$$rtentry$$00000001) for .ARM.Collect$$rtentry$$00000001
    __rtentry2.o(.ARM.exidx) refers to __rtentry2.o(.ARM.Collect$$rtentry$$00000008) for .ARM.Collect$$rtentry$$00000008
    __rtentry2.o(.ARM.exidx) refers to __rtentry2.o(.ARM.Collect$$rtentry$$0000000A) for .ARM.Collect$$rtentry$$0000000A
    __rtentry2.o(.ARM.exidx) refers to __rtentry2.o(.ARM.Collect$$rtentry$$0000000B) for .ARM.Collect$$rtentry$$0000000B
    __rtentry2.o(.ARM.exidx) refers to __rtentry2.o(.ARM.Collect$$rtentry$$0000000D) for .ARM.Collect$$rtentry$$0000000D
    __rtentry4.o(.ARM.Collect$$rtentry$$00000004) refers to sys_stackheap_outer.o(.text) for __user_setup_stackheap
    __rtentry4.o(.ARM.exidx) refers to __rtentry4.o(.ARM.Collect$$rtentry$$00000004) for .ARM.Collect$$rtentry$$00000004
    rt_div0.o(.text) refers to defsig_fpe_outer.o(.text) for __rt_SIGFPE
    _printf_char_common.o(.text) refers to __printf_nopercent.o(.text) for __printf
    sys_stackheap_outer.o(.text) refers to libspace.o(.text) for __user_perproc_libspace
    sys_stackheap_outer.o(.text) refers to startup_lpc17xx.o(.text) for __user_initial_stackheap
    exit.o(.text) refers to rtexit.o(.ARM.Collect$$rtexit$$00000000) for __rt_exit
    defsig_fpe_outer.o(.text) refers to defsig_fpe_inner.o(.text) for __rt_SIGFPE_inner
    defsig_fpe_outer.o(.text) refers to defsig_exit.o(.text) for __sig_exit
    defsig_fpe_formal.o(.text) refers to rt_raise.o(.text) for __rt_raise
    libinit.o(.ARM.Collect$$libinit$$00000000) refers (Special) to libinit2.o(.ARM.Collect$$libinit$$0000002E) for __rt_lib_init_alloca_1
    libinit.o(.ARM.Collect$$libinit$$00000000) refers (Special) to libinit2.o(.ARM.Collect$$libinit$$0000002C) for __rt_lib_init_argv_1
    libinit.o(.ARM.Collect$$libinit$$00000000) refers (Special) to libinit2.o(.ARM.Collect$$libinit$$0000001B) for __rt_lib_init_atexit_1
    libinit.o(.ARM.Collect$$libinit$$00000000) refers (Special) to libinit2.o(.ARM.Collect$$libinit$$00000021) for __rt_lib_init_clock_1
    libinit.o(.ARM.Collect$$libinit$$00000000) refers (Special) to libinit2.o(.ARM.Collect$$libinit$$00000032) for __rt_lib_init_cpp_1
    libinit.o(.ARM.Collect$$libinit$$00000000) refers (Special) to libinit2.o(.ARM.Collect$$libinit$$00000030) for __rt_lib_init_exceptions_1
    libinit.o(.ARM.Collect$$libinit$$00000000) refers (Special) to libinit2.o(.ARM.Collect$$libinit$$00000002) for __rt_lib_init_fp_1
    libinit.o(.ARM.Collect$$libinit$$00000000) refers (Special) to libinit2.o(.ARM.Collect$$libinit$$0000001F) for __rt_lib_init_fp_trap_1
    libinit.o(.ARM.Collect$$libinit$$00000000) refers (Special) to libinit2.o(.ARM.Collect$$libinit$$00000023) for __rt_lib_init_getenv_1
    libinit.o(.ARM.Collect$$libinit$$00000000) refers (Special) to libinit2.o(.ARM.Collect$$libinit$$0000000A) for __rt_lib_init_heap_1
    libinit.o(.ARM.Collect$$libinit$$00000000) refers (Special) to libinit2.o(.ARM.Collect$$libinit$$00000011) for __rt_lib_init_lc_collate_1
    libinit.o(.ARM.Collect$$libinit$$00000000) refers (Special) to libinit2.o(.ARM.Collect$$libinit$$00000013) for __rt_lib_init_lc_ctype_1
    libinit.o(.ARM.Collect$$libinit$$00000000) refers (Special) to libinit2.o(.ARM.Collect$$libinit$$00000015) for __rt_lib_init_lc_monetary_1
    libinit.o(.ARM.Collect$$libinit$$00000000) refers (Special) to libinit2.o(.ARM.Collect$$libinit$$00000017) for __rt_lib_init_lc_numeric_1
    libinit.o(.ARM.Collect$$libinit$$00000000) refers (Special) to libinit2.o(.ARM.Collect$$libinit$$00000019) for __rt_lib_init_lc_time_1
    libinit.o(.ARM.Collect$$libinit$$00000000) refers (Special) to libinit2.o(.ARM.Collect$$libinit$$00000004) for __rt_lib_init_preinit_1
    libinit.o(.ARM.Collect$$libinit$$00000000) refers (Special) to libinit2.o(.ARM.Collect$$libinit$$0000000E) for __rt_lib_init_rand_1
    libinit.o(.ARM.Collect$$libinit$$00000000) refers (Special) to libinit2.o(.ARM.Collect$$libinit$$00000033) for __rt_lib_init_return
    libinit.o(.ARM.Collect$$libinit$$00000000) refers (Special) to libinit2.o(.ARM.Collect$$libinit$$0000001D) for __rt_lib_init_signal_1
    libinit.o(.ARM.Collect$$libinit$$00000000) refers (Special) to libinit2.o(.ARM.Collect$$libinit$$00000025) for __rt_lib_init_stdio_1
    libinit.o(.ARM.Collect$$libinit$$00000000) refers (Special) to libinit2.o(.ARM.Collect$$libinit$$0000000C) for __rt_lib_init_user_alloc_1
    libspace.o(.text) refers to libspace.o(.bss) for __libspace_start
    rtexit.o(.ARM.Collect$$rtexit$$00000000) refers (Special) to rtexit2.o(.ARM.Collect$$rtexit$$00000004) for __rt_exit_exit
    rtexit.o(.ARM.Collect$$rtexit$$00000000) refers (Special) to rtexit2.o(.ARM.Collect$$rtexit$$00000003) for __rt_exit_ls
    rtexit.o(.ARM.Collect$$rtexit$$00000000) refers (Special) to rtexit2.o(.ARM.Collect$$rtexit$$00000002) for __rt_exit_prels_1
    rtexit.o(.ARM.exidx) refers (Special) to rtexit2.o(.ARM.Collect$$rtexit$$00000004) for __rt_exit_exit
    rtexit.o(.ARM.exidx) refers (Special) to rtexit2.o(.ARM.Collect$$rtexit$$00000003) for __rt_exit_ls
    rtexit.o(.ARM.exidx) refers (Special) to rtexit2.o(.ARM.Collect$$rtexit$$00000002) for __rt_exit_prels_1
    rtexit.o(.ARM.exidx) refers to rtexit.o(.ARM.Collect$$rtexit$$00000000) for .ARM.Collect$$rtexit$$00000000
    rt_raise.o(.text) refers to __raise.o(.text) for __raise
    rt_raise.o(.text) refers to retarget.o(i._sys_exit) for _sys_exit
    defsig_exit.o(.text) refers to retarget.o(i._sys_exit) for _sys_exit
    defsig_fpe_inner.o(.text) refers to defsig_general.o(.text) for __default_signal_display
    libinit2.o(.ARM.Collect$$libinit$$00000010) refers to libinit2.o(.ARM.Collect$$libinit$$0000000F) for .ARM.Collect$$libinit$$0000000F
    libinit2.o(.ARM.Collect$$libinit$$00000012) refers to libinit2.o(.ARM.Collect$$libinit$$0000000F) for .ARM.Collect$$libinit$$0000000F
    libinit2.o(.ARM.Collect$$libinit$$00000014) refers to libinit2.o(.ARM.Collect$$libinit$$0000000F) for .ARM.Collect$$libinit$$0000000F
    libinit2.o(.ARM.Collect$$libinit$$00000016) refers to libinit2.o(.ARM.Collect$$libinit$$0000000F) for .ARM.Collect$$libinit$$0000000F
    libinit2.o(.ARM.Collect$$libinit$$00000018) refers to libinit2.o(.ARM.Collect$$libinit$$0000000F) for .ARM.Collect$$libinit$$0000000F
    libinit2.o(.ARM.Collect$$libinit$$00000026) refers to argv_veneer.o(.emb_text) for __ARM_argv_veneer
    libinit2.o(.ARM.Collect$$libinit$$00000027) refers to argv_veneer.o(.emb_text) for __ARM_argv_veneer
    rtexit2.o(.ARM.Collect$$rtexit$$00000003) refers to libshutdown.o(.ARM.Collect$$libshutdown$$00000000) for __rt_lib_shutdown
    rtexit2.o(.ARM.Collect$$rtexit$$00000004) refers to retarget.o(i._sys_exit) for _sys_exit
    rtexit2.o(.ARM.exidx) refers to rtexit2.o(.ARM.Collect$$rtexit$$00000001) for .ARM.Collect$$rtexit$$00000001
    rtexit2.o(.ARM.exidx) refers to rtexit2.o(.ARM.Collect$$rtexit$$00000003) for .ARM.Collect$$rtexit$$00000003
    rtexit2.o(.ARM.exidx) refers to rtexit2.o(.ARM.Collect$$rtexit$$00000004) for .ARM.Collect$$rtexit$$00000004
    __raise.o(.text) refers to defsig.o(CL$$defsig) for __default_signal_handler
    defsig_general.o(.text) refers to retarget.o(i._ttywrch) for _ttywrch
    argv_veneer.o(.emb_text) refers to no_argv.o(.text) for __ARM_get_argv
    defsig.o(CL$$defsig) refers to defsig_fpe_inner.o(.text) for __rt_SIGFPE_inner
    defsig.o(CL$$defsig) refers to defsig_rtmem_inner.o(.text) for __rt_SIGRTMEM_inner
    _get_argv_nomalloc.o(.text) refers (Special) to hrguard.o(.text) for __heap_region$guard
    _get_argv_nomalloc.o(.text) refers to defsig_rtmem_outer.o(.text) for __rt_SIGRTMEM
    _get_argv_nomalloc.o(.text) refers to sys_command.o(.text) for _sys_command_string
    libshutdown.o(.ARM.Collect$$libshutdown$$00000000) refers (Special) to libshutdown2.o(.ARM.Collect$$libshutdown$$00000002) for __rt_lib_shutdown_cpp_1
    libshutdown.o(.ARM.Collect$$libshutdown$$00000000) refers (Special) to libshutdown2.o(.ARM.Collect$$libshutdown$$00000007) for __rt_lib_shutdown_fp_trap_1
    libshutdown.o(.ARM.Collect$$libshutdown$$00000000) refers (Special) to libshutdown2.o(.ARM.Collect$$libshutdown$$0000000F) for __rt_lib_shutdown_heap_1
    libshutdown.o(.ARM.Collect$$libshutdown$$00000000) refers (Special) to libshutdown2.o(.ARM.Collect$$libshutdown$$00000010) for __rt_lib_shutdown_return
    libshutdown.o(.ARM.Collect$$libshutdown$$00000000) refers (Special) to libshutdown2.o(.ARM.Collect$$libshutdown$$0000000A) for __rt_lib_shutdown_signal_1
    libshutdown.o(.ARM.Collect$$libshutdown$$00000000) refers (Special) to libshutdown2.o(.ARM.Collect$$libshutdown$$00000004) for __rt_lib_shutdown_stdio_1
    libshutdown.o(.ARM.Collect$$libshutdown$$00000000) refers (Special) to libshutdown2.o(.ARM.Collect$$libshutdown$$0000000C) for __rt_lib_shutdown_user_alloc_1
    sys_command.o(.text) refers (Special) to use_no_semi.o(.text) for __I$use$semihosting
    sys_command.o(.text) refers (Special) to indicate_semi.o(.text) for __semihosting_library_function
    defsig_abrt_inner.o(.text) refers to defsig_general.o(.text) for __default_signal_display
    defsig_rtred_inner.o(.text) refers to defsig_general.o(.text) for __default_signal_display
    defsig_rtmem_inner.o(.text) refers to defsig_general.o(.text) for __default_signal_display
    defsig_rtmem_outer.o(.text) refers to defsig_rtmem_inner.o(.text) for __rt_SIGRTMEM_inner
    defsig_rtmem_outer.o(.text) refers to defsig_exit.o(.text) for __sig_exit
    defsig_rtmem_formal.o(.text) refers to rt_raise.o(.text) for __rt_raise
    defsig_stak_inner.o(.text) refers to defsig_general.o(.text) for __default_signal_display
    defsig_pvfn_inner.o(.text) refers to defsig_general.o(.text) for __default_signal_display
    defsig_cppl_inner.o(.text) refers to defsig_general.o(.text) for __default_signal_display
    defsig_segv_inner.o(.text) refers to defsig_general.o(.text) for __default_signal_display
    defsig_other.o(.text) refers to defsig_general.o(.text) for __default_signal_display


==============================================================================

Removing Unused input sections from the image.

    Removing retarget.o(i._ttywrch), (12 bytes).
    Removing retarget.o(i.fgetc), (20 bytes).
    Removing retarget.o(i.getkey), (36 bytes).
    Removing uart.o(.rev16_text), (4 bytes).
    Removing uart.o(.revsh_text), (4 bytes).
    Removing uart.o(.rrx_text), (6 bytes).
    Removing uart.o(i.Lock), (28 bytes).
    Removing uart.o(i.LockRcv), (36 bytes).
    Removing uart.o(i.LockSnd), (36 bytes).
    Removing uart.o(i.UARTReceiveChar), (36 bytes).
    Removing uart.o(i.UARTRecieve), (160 bytes).
    Removing uart.o(i.UARTSend), (132 bytes).
    Removing main..o(.rev16_text), (4 bytes).
    Removing main..o(.revsh_text), (4 bytes).
    Removing main..o(.rrx_text), (6 bytes).
    Removing main..o(i.osEventFlagsWait), (2 bytes).
    Removing main..o(i.osSemaphoreAcquire), (56 bytes).
    Removing main..o(i.osSemaphoreNew), (80 bytes).
    Removing main..o(i.osSemaphoreRelease), (8 bytes).
    Removing main..o(i.osThreadExit), (40 bytes).
    Removing main..o(i.osThreadSetPriority), (16 bytes).
    Removing system_lpc17xx.o(.rev16_text), (4 bytes).
    Removing system_lpc17xx.o(.revsh_text), (4 bytes).
    Removing system_lpc17xx.o(.rrx_text), (6 bytes).
    Removing system_lpc17xx.o(i.SystemCoreClockUpdate), (424 bytes).

25 unused section(s) (total 1164 bytes) removed from the image.

==============================================================================

Image Symbol Table

    Local Symbols

    Symbol Name                              Value     Ov Type        Size  Object(Section)

    RESET                                    0x00000000   Section      204  startup_lpc17xx.o(RESET)
    ../clib/angel/boardlib.s                 0x00000000   Number         0  boardinit3.o ABSOLUTE
    ../clib/angel/boardlib.s                 0x00000000   Number         0  boardinit1.o ABSOLUTE
    ../clib/angel/boardlib.s                 0x00000000   Number         0  boardinit2.o ABSOLUTE
    ../clib/angel/boardlib.s                 0x00000000   Number         0  boardshut.o ABSOLUTE
    ../clib/angel/handlers.s                 0x00000000   Number         0  __scatter_copy.o ABSOLUTE
    ../clib/angel/handlers.s                 0x00000000   Number         0  __scatter_zi.o ABSOLUTE
    ../clib/angel/kernel.s                   0x00000000   Number         0  __rtentry.o ABSOLUTE
    ../clib/angel/kernel.s                   0x00000000   Number         0  __rtentry4.o ABSOLUTE
    ../clib/angel/kernel.s                   0x00000000   Number         0  rtexit.o ABSOLUTE
    ../clib/angel/kernel.s                   0x00000000   Number         0  rtexit2.o ABSOLUTE
    ../clib/angel/kernel.s                   0x00000000   Number         0  __rtentry2.o ABSOLUTE
    ../clib/angel/rt.s                       0x00000000   Number         0  rt_raise.o ABSOLUTE
    ../clib/angel/rt.s                       0x00000000   Number         0  aeabi_ldiv0.o ABSOLUTE
    ../clib/angel/rt.s                       0x00000000   Number         0  aeabi_ldiv0_sigfpe.o ABSOLUTE
    ../clib/angel/rt.s                       0x00000000   Number         0  rt_div0.o ABSOLUTE
    ../clib/angel/scatter.s                  0x00000000   Number         0  __scatter.o ABSOLUTE
    ../clib/angel/startup.s                  0x00000000   Number         0  __main.o ABSOLUTE
    ../clib/angel/sys.s                      0x00000000   Number         0  use_no_semi.o ABSOLUTE
    ../clib/angel/sys.s                      0x00000000   Number         0  libspace.o ABSOLUTE
    ../clib/angel/sys.s                      0x00000000   Number         0  sys_stackheap_outer.o ABSOLUTE
    ../clib/angel/sys.s                      0x00000000   Number         0  indicate_semi.o ABSOLUTE
    ../clib/angel/sysapp.c                   0x00000000   Number         0  sys_command.o ABSOLUTE
    ../clib/armsys.c                         0x00000000   Number         0  no_argv.o ABSOLUTE
    ../clib/armsys.c                         0x00000000   Number         0  _get_argv_nomalloc.o ABSOLUTE
    ../clib/armsys.c                         0x00000000   Number         0  argv_veneer.o ABSOLUTE
    ../clib/armsys.c                         0x00000000   Number         0  argv_veneer.o ABSOLUTE
    ../clib/heapalloc.c                      0x00000000   Number         0  hrguard.o ABSOLUTE
    ../clib/heapaux.c                        0x00000000   Number         0  heapauxi.o ABSOLUTE
    ../clib/libinit.s                        0x00000000   Number         0  libshutdown2.o ABSOLUTE
    ../clib/libinit.s                        0x00000000   Number         0  libshutdown.o ABSOLUTE
    ../clib/libinit.s                        0x00000000   Number         0  libinit.o ABSOLUTE
    ../clib/libinit.s                        0x00000000   Number         0  libinit2.o ABSOLUTE
    ../clib/longlong.s                       0x00000000   Number         0  lludivv7m.o ABSOLUTE
    ../clib/printf.c                         0x00000000   Number         0  __2printf.o ABSOLUTE
    ../clib/printf.c                         0x00000000   Number         0  noretval__2printf.o ABSOLUTE
    ../clib/printf.c                         0x00000000   Number         0  _printf_char_file.o ABSOLUTE
    ../clib/printf.c                         0x00000000   Number         0  __printf_nopercent.o ABSOLUTE
    ../clib/printf.c                         0x00000000   Number         0  _printf_char_common.o ABSOLUTE
    ../clib/signal.c                         0x00000000   Number         0  defsig_abrt_inner.o ABSOLUTE
    ../clib/signal.c                         0x00000000   Number         0  defsig_fpe_formal.o ABSOLUTE
    ../clib/signal.c                         0x00000000   Number         0  defsig_fpe_outer.o ABSOLUTE
    ../clib/signal.c                         0x00000000   Number         0  defsig_pvfn_inner.o ABSOLUTE
    ../clib/signal.c                         0x00000000   Number         0  defsig_other.o ABSOLUTE
    ../clib/signal.c                         0x00000000   Number         0  defsig_segv_inner.o ABSOLUTE
    ../clib/signal.c                         0x00000000   Number         0  defsig_cppl_inner.o ABSOLUTE
    ../clib/signal.c                         0x00000000   Number         0  defsig_stak_inner.o ABSOLUTE
    ../clib/signal.c                         0x00000000   Number         0  defsig_general.o ABSOLUTE
    ../clib/signal.c                         0x00000000   Number         0  __raise.o ABSOLUTE
    ../clib/signal.c                         0x00000000   Number         0  defsig_rtmem_formal.o ABSOLUTE
    ../clib/signal.c                         0x00000000   Number         0  defsig_rtmem_outer.o ABSOLUTE
    ../clib/signal.c                         0x00000000   Number         0  defsig_rtmem_inner.o ABSOLUTE
    ../clib/signal.c                         0x00000000   Number         0  defsig_rtred_inner.o ABSOLUTE
    ../clib/signal.c                         0x00000000   Number         0  defsig_fpe_inner.o ABSOLUTE
    ../clib/signal.c                         0x00000000   Number         0  defsig_exit.o ABSOLUTE
    ../clib/signal.s                         0x00000000   Number         0  defsig.o ABSOLUTE
    ../clib/stdlib.c                         0x00000000   Number         0  exit.o ABSOLUTE
    ../fplib/fpinit.s                        0x00000000   Number         0  fpinit.o ABSOLUTE
    RTE\Device\LPC1768\startup_LPC17xx.s     0x00000000   Number         0  startup_lpc17xx.o ABSOLUTE
    RTE\Device\LPC1768\system_LPC17xx.c      0x00000000   Number         0  system_lpc17xx.o ABSOLUTE
    RTE\\Device\\LPC1768\\system_LPC17xx.c   0x00000000   Number         0  system_lpc17xx.o ABSOLUTE
    Retarget.c                               0x00000000   Number         0  retarget.o ABSOLUTE
    dc.s                                     0x00000000   Number         0  dc.o ABSOLUTE
    main..c                                  0x00000000   Number         0  main..o ABSOLUTE
    main..c                                  0x00000000   Number         0  main..o ABSOLUTE
    uart.c                                   0x00000000   Number         0  uart.o ABSOLUTE
    uart.c                                   0x00000000   Number         0  uart.o ABSOLUTE
    !!!main                                  0x000000cc   Section        8  __main.o(!!!main)
    !!!scatter                               0x000000d4   Section       52  __scatter.o(!!!scatter)
    !!handler_copy                           0x00000108   Section       26  __scatter_copy.o(!!handler_copy)
    !!handler_zi                             0x00000124   Section       28  __scatter_zi.o(!!handler_zi)
    .ARM.Collect$$libinit$$00000000          0x00000140   Section        2  libinit.o(.ARM.Collect$$libinit$$00000000)
    .ARM.Collect$$libinit$$00000002          0x00000142   Section        0  libinit2.o(.ARM.Collect$$libinit$$00000002)
    .ARM.Collect$$libinit$$00000004          0x00000142   Section        0  libinit2.o(.ARM.Collect$$libinit$$00000004)
    .ARM.Collect$$libinit$$0000000A          0x00000142   Section        0  libinit2.o(.ARM.Collect$$libinit$$0000000A)
    .ARM.Collect$$libinit$$0000000C          0x00000142   Section        0  libinit2.o(.ARM.Collect$$libinit$$0000000C)
    .ARM.Collect$$libinit$$0000000E          0x00000142   Section        0  libinit2.o(.ARM.Collect$$libinit$$0000000E)
    .ARM.Collect$$libinit$$00000011          0x00000142   Section        0  libinit2.o(.ARM.Collect$$libinit$$00000011)
    .ARM.Collect$$libinit$$00000013          0x00000142   Section        0  libinit2.o(.ARM.Collect$$libinit$$00000013)
    .ARM.Collect$$libinit$$00000015          0x00000142   Section        0  libinit2.o(.ARM.Collect$$libinit$$00000015)
    .ARM.Collect$$libinit$$00000017          0x00000142   Section        0  libinit2.o(.ARM.Collect$$libinit$$00000017)
    .ARM.Collect$$libinit$$00000019          0x00000142   Section        0  libinit2.o(.ARM.Collect$$libinit$$00000019)
    .ARM.Collect$$libinit$$0000001B          0x00000142   Section        0  libinit2.o(.ARM.Collect$$libinit$$0000001B)
    .ARM.Collect$$libinit$$0000001D          0x00000142   Section        0  libinit2.o(.ARM.Collect$$libinit$$0000001D)
    .ARM.Collect$$libinit$$0000001F          0x00000142   Section        0  libinit2.o(.ARM.Collect$$libinit$$0000001F)
    .ARM.Collect$$libinit$$00000021          0x00000142   Section        0  libinit2.o(.ARM.Collect$$libinit$$00000021)
    .ARM.Collect$$libinit$$00000023          0x00000142   Section        0  libinit2.o(.ARM.Collect$$libinit$$00000023)
    .ARM.Collect$$libinit$$00000025          0x00000142   Section        0  libinit2.o(.ARM.Collect$$libinit$$00000025)
    .ARM.Collect$$libinit$$0000002C          0x00000142   Section        0  libinit2.o(.ARM.Collect$$libinit$$0000002C)
    .ARM.Collect$$libinit$$0000002E          0x00000142   Section        0  libinit2.o(.ARM.Collect$$libinit$$0000002E)
    .ARM.Collect$$libinit$$00000030          0x00000142   Section        0  libinit2.o(.ARM.Collect$$libinit$$00000030)
    .ARM.Collect$$libinit$$00000032          0x00000142   Section        0  libinit2.o(.ARM.Collect$$libinit$$00000032)
    .ARM.Collect$$libinit$$00000033          0x00000142   Section        2  libinit2.o(.ARM.Collect$$libinit$$00000033)
    .ARM.Collect$$libshutdown$$00000000      0x00000144   Section        2  libshutdown.o(.ARM.Collect$$libshutdown$$00000000)
    .ARM.Collect$$libshutdown$$00000002      0x00000146   Section        0  libshutdown2.o(.ARM.Collect$$libshutdown$$00000002)
    .ARM.Collect$$libshutdown$$00000004      0x00000146   Section        0  libshutdown2.o(.ARM.Collect$$libshutdown$$00000004)
    .ARM.Collect$$libshutdown$$00000007      0x00000146   Section        0  libshutdown2.o(.ARM.Collect$$libshutdown$$00000007)
    .ARM.Collect$$libshutdown$$0000000A      0x00000146   Section        0  libshutdown2.o(.ARM.Collect$$libshutdown$$0000000A)
    .ARM.Collect$$libshutdown$$0000000C      0x00000146   Section        0  libshutdown2.o(.ARM.Collect$$libshutdown$$0000000C)
    .ARM.Collect$$libshutdown$$0000000F      0x00000146   Section        0  libshutdown2.o(.ARM.Collect$$libshutdown$$0000000F)
    .ARM.Collect$$libshutdown$$00000010      0x00000146   Section        2  libshutdown2.o(.ARM.Collect$$libshutdown$$00000010)
    .ARM.Collect$$rtentry$$00000000          0x00000148   Section        0  __rtentry.o(.ARM.Collect$$rtentry$$00000000)
    .ARM.Collect$$rtentry$$00000002          0x00000148   Section        0  __rtentry2.o(.ARM.Collect$$rtentry$$00000002)
    .ARM.Collect$$rtentry$$00000004          0x00000148   Section        6  __rtentry4.o(.ARM.Collect$$rtentry$$00000004)
    .ARM.Collect$$rtentry$$00000009          0x0000014e   Section        0  __rtentry2.o(.ARM.Collect$$rtentry$$00000009)
    .ARM.Collect$$rtentry$$0000000A          0x0000014e   Section        4  __rtentry2.o(.ARM.Collect$$rtentry$$0000000A)
    .ARM.Collect$$rtentry$$0000000C          0x00000152   Section        0  __rtentry2.o(.ARM.Collect$$rtentry$$0000000C)
    .ARM.Collect$$rtentry$$0000000D          0x00000152   Section        8  __rtentry2.o(.ARM.Collect$$rtentry$$0000000D)
    .ARM.Collect$$rtexit$$00000000           0x0000015a   Section        2  rtexit.o(.ARM.Collect$$rtexit$$00000000)
    .ARM.Collect$$rtexit$$00000002           0x0000015c   Section        0  rtexit2.o(.ARM.Collect$$rtexit$$00000002)
    .ARM.Collect$$rtexit$$00000003           0x0000015c   Section        4  rtexit2.o(.ARM.Collect$$rtexit$$00000003)
    .ARM.Collect$$rtexit$$00000004           0x00000160   Section        6  rtexit2.o(.ARM.Collect$$rtexit$$00000004)
    .emb_text                                0x00000168   Section       44  main..o(.emb_text)
    .text                                    0x00000194   Section       60  startup_lpc17xx.o(.text)
    .text                                    0x000001d0   Section        0  noretval__2printf.o(.text)
    .text                                    0x000001e8   Section        0  heapauxi.o(.text)
    .text                                    0x000001f0   Section        0  _printf_char_file.o(.text)
    .text                                    0x00000214   Section        0  _printf_char_common.o(.text)
    _printf_input_char                       0x00000215   Thumb Code    10  _printf_char_common.o(.text)
    .text                                    0x00000244   Section       74  sys_stackheap_outer.o(.text)
    .text                                    0x0000028e   Section        0  __printf_nopercent.o(.text)
    .text                                    0x000002b6   Section        0  exit.o(.text)
    .text                                    0x000002c8   Section        8  libspace.o(.text)
    i.Free                                   0x000002d0   Section        0  uart.o(i.Free)
    i.FreeRcv                                0x000002d8   Section        0  uart.o(i.FreeRcv)
    .ARM.__at_0x02FC                         0x000002fc   Section        4  startup_lpc17xx.o(.ARM.__at_0x02FC)
    i.FreeSnd                                0x00000300   Section        0  uart.o(i.FreeSnd)
    i.PendSV_Handler                         0x00000324   Section        0  main..o(i.PendSV_Handler)
    i.SysTick_Handler                        0x00000398   Section        0  main..o(i.SysTick_Handler)
    i.SystemInit                             0x00000484   Section        0  system_lpc17xx.o(i.SystemInit)
    i.UART0_IRQHandler                       0x000005c4   Section        0  uart.o(i.UART0_IRQHandler)
    i.UART1_IRQHandler                       0x0000062c   Section        0  uart.o(i.UART1_IRQHandler)
    i.UARTInit                               0x0000069c   Section        0  uart.o(i.UARTInit)
    i.UARTSendChar                           0x00000758   Section        0  uart.o(i.UARTSendChar)
    i.__NVIC_EnableIRQ                       0x0000077c   Section        0  uart.o(i.__NVIC_EnableIRQ)
    __NVIC_EnableIRQ                         0x0000077d   Thumb Code    34  uart.o(i.__NVIC_EnableIRQ)
    i.__NVIC_SetPriority                     0x000007a0   Section        0  main..o(i.__NVIC_SetPriority)
    __NVIC_SetPriority                       0x000007a1   Thumb Code    32  main..o(i.__NVIC_SetPriority)
    i._sys_exit                              0x000007c8   Section        0  retarget.o(i._sys_exit)
    i.dequeue                                0x000007cc   Section        0  main..o(i.dequeue)
    i.enqueue                                0x000007fe   Section        0  main..o(i.enqueue)
    i.ferror                                 0x0000082a   Section        0  retarget.o(i.ferror)
    i.findMutexPrio                          0x00000832   Section        0  main..o(i.findMutexPrio)
    i.findPrioQueue                          0x00000848   Section        0  main..o(i.findPrioQueue)
    i.fputc                                  0x00000878   Section        0  retarget.o(i.fputc)
    i.getFrequency                           0x00000888   Section        0  uart.o(i.getFrequency)
    i.initQueue                              0x000008d0   Section        0  main..o(i.initQueue)
    i.main                                   0x000008dc   Section        0  main..o(i.main)
    i.osDelay                                0x00000948   Section        0  main..o(i.osDelay)
    i.osKernelInitialize                     0x00000960   Section        0  main..o(i.osKernelInitialize)
    i.osKernelStart                          0x000009d0   Section        0  main..o(i.osKernelStart)
    i.osMutexAcquire                         0x00000a7c   Section        0  main..o(i.osMutexAcquire)
    i.osMutexNew                             0x00000afc   Section        0  main..o(i.osMutexNew)
    i.osMutexRelease                         0x00000b54   Section        0  main..o(i.osMutexRelease)
    i.osThreadNew                            0x00000b90   Section        0  main..o(i.osThreadNew)
    i.osThreadYield                          0x00000c40   Section        0  main..o(i.osThreadYield)
    i.releaseTasks                           0x00000cb0   Section        0  main..o(i.releaseTasks)
    i.sendchar                               0x00000d34   Section        0  retarget.o(i.sendchar)
    i.t0                                     0x00000d78   Section        0  main..o(i.t0)
    i.t1                                     0x00000d90   Section        0  main..o(i.t1)
    i.t2                                     0x00000db4   Section        0  main..o(i.t2)
    i.t3                                     0x00000dd8   Section        0  main..o(i.t3)
    i.t4                                     0x00000e18   Section        0  main..o(i.t4)
    i.t5                                     0x00000e50   Section        0  main..o(i.t5)
    i.taskPrioInherit                        0x00000e90   Section        0  main..o(i.taskPrioInherit)
    i.taskPrioReset                          0x00000eac   Section        0  main..o(i.taskPrioReset)
    i.updateMutexBitVector                   0x00000ec8   Section        0  main..o(i.updateMutexBitVector)
    i.updateQueuesBitVector                  0x00000ee4   Section        0  main..o(i.updateQueuesBitVector)
    .data                                    0x10000000   Section       12  retarget.o(.data)
    .data                                    0x1000000c   Section       32  uart.o(.data)
    .data                                    0x1000002c   Section       27  main..o(.data)
    .data                                    0x10000048   Section        4  system_lpc17xx.o(.data)
    .bss                                     0x1000004c   Section      128  uart.o(.bss)
    .bss                                     0x100000cc   Section      416  main..o(.bss)
    .bss                                     0x1000026c   Section       96  libspace.o(.bss)
    HEAP                                     0x100002d0   Section        0  startup_lpc17xx.o(HEAP)
    STACK                                    0x100002d0   Section     8192  startup_lpc17xx.o(STACK)
    Heap_Mem                                 0x100002d0   Data           0  startup_lpc17xx.o(HEAP)
    Stack_Mem                                0x100002d0   Data        8192  startup_lpc17xx.o(STACK)
    __initial_sp                             0x100022d0   Data           0  startup_lpc17xx.o(STACK)

    Global Symbols

    Symbol Name                              Value     Ov Type        Size  Object(Section)

    BuildAttributes$$THM_ISAv4$P$D$K$B$S$PE$A:L22UL41UL21$X:L11$S22US41US21$IEEE1$IW$USESV6$~STKCKD$USESV7$~SHL$OSPACE$ROPI$EBA8$UX$STANDARDLIB$REQ8$PRES8$EABIv2 0x00000000   Number         0  anon$$obj.o ABSOLUTE
    __ARM_use_no_argv                        0x00000000   Number         0  main..o ABSOLUTE
    __Vectors                                0x00000000   Data           4  startup_lpc17xx.o(RESET)
    __ARM_exceptions_init                     - Undefined Weak Reference
    __alloca_initialize                       - Undefined Weak Reference
    __arm_preinit_                            - Undefined Weak Reference
    __cpp_initialize__aeabi_                  - Undefined Weak Reference
    __cxa_finalize                            - Undefined Weak Reference
    __rt_locale                               - Undefined Weak Reference
    __sigvec_lookup                           - Undefined Weak Reference
    _atexit_init                              - Undefined Weak Reference
    _call_atexit_fns                          - Undefined Weak Reference
    _clock_init                               - Undefined Weak Reference
    _fp_trap_init                             - Undefined Weak Reference
    _fp_trap_shutdown                         - Undefined Weak Reference
    _get_lc_collate                           - Undefined Weak Reference
    _get_lc_ctype                             - Undefined Weak Reference
    _get_lc_monetary                          - Undefined Weak Reference
    _get_lc_numeric                           - Undefined Weak Reference
    _get_lc_time                              - Undefined Weak Reference
    _getenv_init                              - Undefined Weak Reference
    _handle_redirection                       - Undefined Weak Reference
    _init_alloc                               - Undefined Weak Reference
    _init_user_alloc                          - Undefined Weak Reference
    _initio                                   - Undefined Weak Reference
    _rand_init                                - Undefined Weak Reference
    _signal_finish                            - Undefined Weak Reference
    _signal_init                              - Undefined Weak Reference
    _terminate_alloc                          - Undefined Weak Reference
    _terminate_user_alloc                     - Undefined Weak Reference
    _terminateio                              - Undefined Weak Reference
    __main                                   0x000000cd   Thumb Code     8  __main.o(!!!main)
    __scatterload                            0x000000d5   Thumb Code     0  __scatter.o(!!!scatter)
    __scatterload_rt2                        0x000000d5   Thumb Code    44  __scatter.o(!!!scatter)
    __scatterload_rt2_thumb_only             0x000000d5   Thumb Code     0  __scatter.o(!!!scatter)
    __scatterload_null                       0x000000e3   Thumb Code     0  __scatter.o(!!!scatter)
    __scatterload_copy                       0x00000109   Thumb Code    26  __scatter_copy.o(!!handler_copy)
    __scatterload_zeroinit                   0x00000125   Thumb Code    28  __scatter_zi.o(!!handler_zi)
    __rt_lib_init                            0x00000141   Thumb Code     0  libinit.o(.ARM.Collect$$libinit$$00000000)
    __rt_lib_init_alloca_1                   0x00000143   Thumb Code     0  libinit2.o(.ARM.Collect$$libinit$$0000002E)
    __rt_lib_init_argv_1                     0x00000143   Thumb Code     0  libinit2.o(.ARM.Collect$$libinit$$0000002C)
    __rt_lib_init_atexit_1                   0x00000143   Thumb Code     0  libinit2.o(.ARM.Collect$$libinit$$0000001B)
    __rt_lib_init_clock_1                    0x00000143   Thumb Code     0  libinit2.o(.ARM.Collect$$libinit$$00000021)
    __rt_lib_init_cpp_1                      0x00000143   Thumb Code     0  libinit2.o(.ARM.Collect$$libinit$$00000032)
    __rt_lib_init_exceptions_1               0x00000143   Thumb Code     0  libinit2.o(.ARM.Collect$$libinit$$00000030)
    __rt_lib_init_fp_1                       0x00000143   Thumb Code     0  libinit2.o(.ARM.Collect$$libinit$$00000002)
    __rt_lib_init_fp_trap_1                  0x00000143   Thumb Code     0  libinit2.o(.ARM.Collect$$libinit$$0000001F)
    __rt_lib_init_getenv_1                   0x00000143   Thumb Code     0  libinit2.o(.ARM.Collect$$libinit$$00000023)
    __rt_lib_init_heap_1                     0x00000143   Thumb Code     0  libinit2.o(.ARM.Collect$$libinit$$0000000A)
    __rt_lib_init_lc_collate_1               0x00000143   Thumb Code     0  libinit2.o(.ARM.Collect$$libinit$$00000011)
    __rt_lib_init_lc_ctype_1                 0x00000143   Thumb Code     0  libinit2.o(.ARM.Collect$$libinit$$00000013)
    __rt_lib_init_lc_monetary_1              0x00000143   Thumb Code     0  libinit2.o(.ARM.Collect$$libinit$$00000015)
    __rt_lib_init_lc_numeric_1               0x00000143   Thumb Code     0  libinit2.o(.ARM.Collect$$libinit$$00000017)
    __rt_lib_init_lc_time_1                  0x00000143   Thumb Code     0  libinit2.o(.ARM.Collect$$libinit$$00000019)
    __rt_lib_init_preinit_1                  0x00000143   Thumb Code     0  libinit2.o(.ARM.Collect$$libinit$$00000004)
    __rt_lib_init_rand_1                     0x00000143   Thumb Code     0  libinit2.o(.ARM.Collect$$libinit$$0000000E)
    __rt_lib_init_return                     0x00000143   Thumb Code     0  libinit2.o(.ARM.Collect$$libinit$$00000033)
    __rt_lib_init_signal_1                   0x00000143   Thumb Code     0  libinit2.o(.ARM.Collect$$libinit$$0000001D)
    __rt_lib_init_stdio_1                    0x00000143   Thumb Code     0  libinit2.o(.ARM.Collect$$libinit$$00000025)
    __rt_lib_init_user_alloc_1               0x00000143   Thumb Code     0  libinit2.o(.ARM.Collect$$libinit$$0000000C)
    __rt_lib_shutdown                        0x00000145   Thumb Code     0  libshutdown.o(.ARM.Collect$$libshutdown$$00000000)
    __rt_lib_shutdown_cpp_1                  0x00000147   Thumb Code     0  libshutdown2.o(.ARM.Collect$$libshutdown$$00000002)
    __rt_lib_shutdown_fp_trap_1              0x00000147   Thumb Code     0  libshutdown2.o(.ARM.Collect$$libshutdown$$00000007)
    __rt_lib_shutdown_heap_1                 0x00000147   Thumb Code     0  libshutdown2.o(.ARM.Collect$$libshutdown$$0000000F)
    __rt_lib_shutdown_return                 0x00000147   Thumb Code     0  libshutdown2.o(.ARM.Collect$$libshutdown$$00000010)
    __rt_lib_shutdown_signal_1               0x00000147   Thumb Code     0  libshutdown2.o(.ARM.Collect$$libshutdown$$0000000A)
    __rt_lib_shutdown_stdio_1                0x00000147   Thumb Code     0  libshutdown2.o(.ARM.Collect$$libshutdown$$00000004)
    __rt_lib_shutdown_user_alloc_1           0x00000147   Thumb Code     0  libshutdown2.o(.ARM.Collect$$libshutdown$$0000000C)
    __rt_entry                               0x00000149   Thumb Code     0  __rtentry.o(.ARM.Collect$$rtentry$$00000000)
    __rt_entry_presh_1                       0x00000149   Thumb Code     0  __rtentry2.o(.ARM.Collect$$rtentry$$00000002)
    __rt_entry_sh                            0x00000149   Thumb Code     0  __rtentry4.o(.ARM.Collect$$rtentry$$00000004)
    __rt_entry_li                            0x0000014f   Thumb Code     0  __rtentry2.o(.ARM.Collect$$rtentry$$0000000A)
    __rt_entry_postsh_1                      0x0000014f   Thumb Code     0  __rtentry2.o(.ARM.Collect$$rtentry$$00000009)
    __rt_entry_main                          0x00000153   Thumb Code     0  __rtentry2.o(.ARM.Collect$$rtentry$$0000000D)
    __rt_entry_postli_1                      0x00000153   Thumb Code     0  __rtentry2.o(.ARM.Collect$$rtentry$$0000000C)
    __rt_exit                                0x0000015b   Thumb Code     0  rtexit.o(.ARM.Collect$$rtexit$$00000000)
    __rt_exit_ls                             0x0000015d   Thumb Code     0  rtexit2.o(.ARM.Collect$$rtexit$$00000003)
    __rt_exit_prels_1                        0x0000015d   Thumb Code     0  rtexit2.o(.ARM.Collect$$rtexit$$00000002)
    __rt_exit_exit                           0x00000161   Thumb Code     0  rtexit2.o(.ARM.Collect$$rtexit$$00000004)
    contextSwitch                            0x00000169   Thumb Code    34  main..o(.emb_text)
    Reset_Handler                            0x00000195   Thumb Code     8  startup_lpc17xx.o(.text)
    NMI_Handler                              0x0000019d   Thumb Code     2  startup_lpc17xx.o(.text)
    HardFault_Handler                        0x0000019f   Thumb Code     2  startup_lpc17xx.o(.text)
    MemManage_Handler                        0x000001a1   Thumb Code     2  startup_lpc17xx.o(.text)
    BusFault_Handler                         0x000001a3   Thumb Code     2  startup_lpc17xx.o(.text)
    UsageFault_Handler                       0x000001a5   Thumb Code     2  startup_lpc17xx.o(.text)
    SVC_Handler                              0x000001a7   Thumb Code     2  startup_lpc17xx.o(.text)
    DebugMon_Handler                         0x000001a9   Thumb Code     2  startup_lpc17xx.o(.text)
    ADC_IRQHandler                           0x000001af   Thumb Code     0  startup_lpc17xx.o(.text)
    BOD_IRQHandler                           0x000001af   Thumb Code     0  startup_lpc17xx.o(.text)
    CANActivity_IRQHandler                   0x000001af   Thumb Code     0  startup_lpc17xx.o(.text)
    CAN_IRQHandler                           0x000001af   Thumb Code     0  startup_lpc17xx.o(.text)
    DMA_IRQHandler                           0x000001af   Thumb Code     0  startup_lpc17xx.o(.text)
    EINT0_IRQHandler                         0x000001af   Thumb Code     0  startup_lpc17xx.o(.text)
    EINT1_IRQHandler                         0x000001af   Thumb Code     0  startup_lpc17xx.o(.text)
    EINT2_IRQHandler                         0x000001af   Thumb Code     0  startup_lpc17xx.o(.text)
    EINT3_IRQHandler                         0x000001af   Thumb Code     0  startup_lpc17xx.o(.text)
    ENET_IRQHandler                          0x000001af   Thumb Code     0  startup_lpc17xx.o(.text)
    I2C0_IRQHandler                          0x000001af   Thumb Code     0  startup_lpc17xx.o(.text)
    I2C1_IRQHandler                          0x000001af   Thumb Code     0  startup_lpc17xx.o(.text)
    I2C2_IRQHandler                          0x000001af   Thumb Code     0  startup_lpc17xx.o(.text)
    I2S_IRQHandler                           0x000001af   Thumb Code     0  startup_lpc17xx.o(.text)
    MCPWM_IRQHandler                         0x000001af   Thumb Code     0  startup_lpc17xx.o(.text)
    PLL0_IRQHandler                          0x000001af   Thumb Code     0  startup_lpc17xx.o(.text)
    PLL1_IRQHandler                          0x000001af   Thumb Code     0  startup_lpc17xx.o(.text)
    PWM1_IRQHandler                          0x000001af   Thumb Code     0  startup_lpc17xx.o(.text)
    QEI_IRQHandler                           0x000001af   Thumb Code     0  startup_lpc17xx.o(.text)
    RIT_IRQHandler                           0x000001af   Thumb Code     0  startup_lpc17xx.o(.text)
    RTC_IRQHandler                           0x000001af   Thumb Code     0  startup_lpc17xx.o(.text)
    SPI_IRQHandler                           0x000001af   Thumb Code     0  startup_lpc17xx.o(.text)
    SSP0_IRQHandler                          0x000001af   Thumb Code     0  startup_lpc17xx.o(.text)
    SSP1_IRQHandler                          0x000001af   Thumb Code     0  startup_lpc17xx.o(.text)
    TIMER0_IRQHandler                        0x000001af   Thumb Code     0  startup_lpc17xx.o(.text)
    TIMER1_IRQHandler                        0x000001af   Thumb Code     0  startup_lpc17xx.o(.text)
    TIMER2_IRQHandler                        0x000001af   Thumb Code     0  startup_lpc17xx.o(.text)
    TIMER3_IRQHandler                        0x000001af   Thumb Code     0  startup_lpc17xx.o(.text)
    UART2_IRQHandler                         0x000001af   Thumb Code     0  startup_lpc17xx.o(.text)
    UART3_IRQHandler                         0x000001af   Thumb Code     0  startup_lpc17xx.o(.text)
    USBActivity_IRQHandler                   0x000001af   Thumb Code     0  startup_lpc17xx.o(.text)
    USB_IRQHandler                           0x000001af   Thumb Code     0  startup_lpc17xx.o(.text)
    WDT_IRQHandler                           0x000001af   Thumb Code     0  startup_lpc17xx.o(.text)
    __user_initial_stackheap                 0x000001b1   Thumb Code     0  startup_lpc17xx.o(.text)
    __2printf                                0x000001d1   Thumb Code    20  noretval__2printf.o(.text)
    __use_two_region_memory                  0x000001e9   Thumb Code     2  heapauxi.o(.text)
    __rt_heap_escrow$2region                 0x000001eb   Thumb Code     2  heapauxi.o(.text)
    __rt_heap_expand$2region                 0x000001ed   Thumb Code     2  heapauxi.o(.text)
    _printf_char_file                        0x000001f1   Thumb Code    32  _printf_char_file.o(.text)
    _printf_char_common                      0x0000021f   Thumb Code    32  _printf_char_common.o(.text)
    __user_setup_stackheap                   0x00000245   Thumb Code    74  sys_stackheap_outer.o(.text)
    __printf                                 0x0000028f   Thumb Code    40  __printf_nopercent.o(.text)
    exit                                     0x000002b7   Thumb Code    18  exit.o(.text)
    __user_libspace                          0x000002c9   Thumb Code     8  libspace.o(.text)
    __user_perproc_libspace                  0x000002c9   Thumb Code     0  libspace.o(.text)
    __user_perthread_libspace                0x000002c9   Thumb Code     0  libspace.o(.text)
    Free                                     0x000002d1   Thumb Code     6  uart.o(i.Free)
    FreeRcv                                  0x000002d9   Thumb Code    28  uart.o(i.FreeRcv)
    FreeSnd                                  0x00000301   Thumb Code    28  uart.o(i.FreeSnd)
    PendSV_Handler                           0x00000325   Thumb Code   100  main..o(i.PendSV_Handler)
    SysTick_Handler                          0x00000399   Thumb Code   204  main..o(i.SysTick_Handler)
    SystemInit                               0x00000485   Thumb Code   302  system_lpc17xx.o(i.SystemInit)
    UART0_IRQHandler                         0x000005c5   Thumb Code    88  uart.o(i.UART0_IRQHandler)
    UART1_IRQHandler                         0x0000062d   Thumb Code    90  uart.o(i.UART1_IRQHandler)
    UARTInit                                 0x0000069d   Thumb Code   176  uart.o(i.UARTInit)
    UARTSendChar                             0x00000759   Thumb Code    26  uart.o(i.UARTSendChar)
    _sys_exit                                0x000007c9   Thumb Code     4  retarget.o(i._sys_exit)
    dequeue                                  0x000007cd   Thumb Code    50  main..o(i.dequeue)
    enqueue                                  0x000007ff   Thumb Code    44  main..o(i.enqueue)
    ferror                                   0x0000082b   Thumb Code     8  retarget.o(i.ferror)
    findMutexPrio                            0x00000833   Thumb Code    22  main..o(i.findMutexPrio)
    findPrioQueue                            0x00000849   Thumb Code    40  main..o(i.findPrioQueue)
    fputc                                    0x00000879   Thumb Code    14  retarget.o(i.fputc)
    getFrequency                             0x00000889   Thumb Code    62  uart.o(i.getFrequency)
    initQueue                                0x000008d1   Thumb Code    10  main..o(i.initQueue)
    main                                     0x000008dd   Thumb Code    82  main..o(i.main)
    osDelay                                  0x00000949   Thumb Code    18  main..o(i.osDelay)
    osKernelInitialize                       0x00000961   Thumb Code   104  main..o(i.osKernelInitialize)
    osKernelStart                            0x000009d1   Thumb Code   140  main..o(i.osKernelStart)
    osMutexAcquire                           0x00000a7d   Thumb Code   116  main..o(i.osMutexAcquire)
    osMutexNew                               0x00000afd   Thumb Code    80  main..o(i.osMutexNew)
    osMutexRelease                           0x00000b55   Thumb Code    52  main..o(i.osMutexRelease)
    osThreadNew                              0x00000b91   Thumb Code   158  main..o(i.osThreadNew)
    osThreadYield                            0x00000c41   Thumb Code    88  main..o(i.osThreadYield)
    releaseTasks                             0x00000cb1   Thumb Code   114  main..o(i.releaseTasks)
    sendchar                                 0x00000d35   Thumb Code    64  retarget.o(i.sendchar)
    t0                                       0x00000d79   Thumb Code    14  main..o(i.t0)
    t1                                       0x00000d91   Thumb Code    28  main..o(i.t1)
    t2                                       0x00000db5   Thumb Code    28  main..o(i.t2)
    t3                                       0x00000dd9   Thumb Code    42  main..o(i.t3)
    t4                                       0x00000e19   Thumb Code    36  main..o(i.t4)
    t5                                       0x00000e51   Thumb Code    42  main..o(i.t5)
    taskPrioInherit                          0x00000e91   Thumb Code    28  main..o(i.taskPrioInherit)
    taskPrioReset                            0x00000ead   Thumb Code    22  main..o(i.taskPrioReset)
    updateMutexBitVector                     0x00000ec9   Thumb Code    28  main..o(i.updateMutexBitVector)
    updateQueuesBitVector                    0x00000ee5   Thumb Code    46  main..o(i.updateQueuesBitVector)
    Region$$Table$$Base                      0x00000f1c   Number         0  anon$$obj.o(Region$$Table)
    Region$$Table$$Limit                     0x00000f3c   Number         0  anon$$obj.o(Region$$Table)
    uart_init_called                         0x10000000   Data           1  retarget.o(.data)
    __stdout                                 0x10000004   Data           4  retarget.o(.data)
    __stdin                                  0x10000008   Data           4  retarget.o(.data)
    ITM_RxBuffer                             0x1000000c   Data           4  uart.o(.data)
    UART0Status                              0x10000010   Data           4  uart.o(.data)
    UART1Status                              0x10000014   Data           4  uart.o(.data)
    UART0TxEmpty                             0x10000018   Data           1  uart.o(.data)
    UART1TxEmpty                             0x10000019   Data           1  uart.o(.data)
    UART0Count                               0x1000001c   Data           4  uart.o(.data)
    UART1Count                               0x10000020   Data           4  uart.o(.data)
    RcvLock0                                 0x10000024   Data           1  uart.o(.data)
    SndLock0                                 0x10000025   Data           1  uart.o(.data)
    RcvLock1                                 0x10000026   Data           1  uart.o(.data)
    SndLock1                                 0x10000027   Data           1  uart.o(.data)
    i                                        0x10000028   Data           4  uart.o(.data)
    msTicks                                  0x1000002c   Data           4  main..o(.data)
    numTasks                                 0x10000030   Data           1  main..o(.data)
    runningTask                              0x10000034   Data           4  main..o(.data)
    nextTask                                 0x10000038   Data           4  main..o(.data)
    runningTaskStackAddr                     0x1000003c   Data           4  main..o(.data)
    nextTaskStackAddr                        0x10000040   Data           4  main..o(.data)
    queues                                   0x10000044   Data           1  main..o(.data)
    numSemas                                 0x10000045   Data           1  main..o(.data)
    numMuts                                  0x10000046   Data           1  main..o(.data)
    SystemCoreClock                          0x10000048   Data           4  system_lpc17xx.o(.data)
    UART0Buffer                              0x1000004c   Data          64  uart.o(.bss)
    UART1Buffer                              0x1000008c   Data          64  uart.o(.bss)
    TASKS                                    0x100000cc   Data         192  main..o(.bss)
    taskParameters                           0x1000018c   Data          48  main..o(.bss)
    PRIORITY_QUEUES                          0x100001bc   Data          60  main..o(.bss)
    SEMAPHORES                               0x100001f8   Data          18  main..o(.bss)
    MUTEXES                                  0x1000020c   Data          72  main..o(.bss)
    fppCount                                 0x10000254   Data          24  main..o(.bss)
    __libspace_start                         0x1000026c   Data          96  libspace.o(.bss)
    __temporary_stack_top$libspace           0x100002cc   Data           0  libspace.o(.bss)



==============================================================================

Memory Map of the image

  Image Entry point : 0x00000195

  Load Region LR_1 (Base: 0x00000000, Size: 0x00000f88, Max: 0xffffffff, ABSOLUTE)

    Execution Region ER_RO (Exec base: 0x00000000, Load base: 0x00000000, Size: 0x00000f3c, Max: 0xffffffff, ABSOLUTE)

    Exec Addr    Load Addr    Size         Type   Attr      Idx    E Section Name        Object

    0x00000000   0x00000000   0x000000cc   Data   RO          455    RESET               startup_lpc17xx.o
    0x000000cc   0x000000cc   0x00000008   Code   RO          513  * !!!main             c_w.l(__main.o)
    0x000000d4   0x000000d4   0x00000034   Code   RO          682    !!!scatter          c_w.l(__scatter.o)
    0x00000108   0x00000108   0x0000001a   Code   RO          684    !!handler_copy      c_w.l(__scatter_copy.o)
    0x00000122   0x00000122   0x00000002   PAD
    0x00000124   0x00000124   0x0000001c   Code   RO          686    !!handler_zi        c_w.l(__scatter_zi.o)
    0x00000140   0x00000140   0x00000002   Code   RO          556    .ARM.Collect$$libinit$$00000000  c_w.l(libinit.o)
    0x00000142   0x00000142   0x00000000   Code   RO          569    .ARM.Collect$$libinit$$00000002  c_w.l(libinit2.o)
    0x00000142   0x00000142   0x00000000   Code   RO          571    .ARM.Collect$$libinit$$00000004  c_w.l(libinit2.o)
    0x00000142   0x00000142   0x00000000   Code   RO          574    .ARM.Collect$$libinit$$0000000A  c_w.l(libinit2.o)
    0x00000142   0x00000142   0x00000000   Code   RO          576    .ARM.Collect$$libinit$$0000000C  c_w.l(libinit2.o)
    0x00000142   0x00000142   0x00000000   Code   RO          578    .ARM.Collect$$libinit$$0000000E  c_w.l(libinit2.o)
    0x00000142   0x00000142   0x00000000   Code   RO          581    .ARM.Collect$$libinit$$00000011  c_w.l(libinit2.o)
    0x00000142   0x00000142   0x00000000   Code   RO          583    .ARM.Collect$$libinit$$00000013  c_w.l(libinit2.o)
    0x00000142   0x00000142   0x00000000   Code   RO          585    .ARM.Collect$$libinit$$00000015  c_w.l(libinit2.o)
    0x00000142   0x00000142   0x00000000   Code   RO          587    .ARM.Collect$$libinit$$00000017  c_w.l(libinit2.o)
    0x00000142   0x00000142   0x00000000   Code   RO          589    .ARM.Collect$$libinit$$00000019  c_w.l(libinit2.o)
    0x00000142   0x00000142   0x00000000   Code   RO          591    .ARM.Collect$$libinit$$0000001B  c_w.l(libinit2.o)
    0x00000142   0x00000142   0x00000000   Code   RO          593    .ARM.Collect$$libinit$$0000001D  c_w.l(libinit2.o)
    0x00000142   0x00000142   0x00000000   Code   RO          595    .ARM.Collect$$libinit$$0000001F  c_w.l(libinit2.o)
    0x00000142   0x00000142   0x00000000   Code   RO          597    .ARM.Collect$$libinit$$00000021  c_w.l(libinit2.o)
    0x00000142   0x00000142   0x00000000   Code   RO          599    .ARM.Collect$$libinit$$00000023  c_w.l(libinit2.o)
    0x00000142   0x00000142   0x00000000   Code   RO          601    .ARM.Collect$$libinit$$00000025  c_w.l(libinit2.o)
    0x00000142   0x00000142   0x00000000   Code   RO          605    .ARM.Collect$$libinit$$0000002C  c_w.l(libinit2.o)
    0x00000142   0x00000142   0x00000000   Code   RO          607    .ARM.Collect$$libinit$$0000002E  c_w.l(libinit2.o)
    0x00000142   0x00000142   0x00000000   Code   RO          609    .ARM.Collect$$libinit$$00000030  c_w.l(libinit2.o)
    0x00000142   0x00000142   0x00000000   Code   RO          611    .ARM.Collect$$libinit$$00000032  c_w.l(libinit2.o)
    0x00000142   0x00000142   0x00000002   Code   RO          612    .ARM.Collect$$libinit$$00000033  c_w.l(libinit2.o)
    0x00000144   0x00000144   0x00000002   Code   RO          636    .ARM.Collect$$libshutdown$$00000000  c_w.l(libshutdown.o)
    0x00000146   0x00000146   0x00000000   Code   RO          662    .ARM.Collect$$libshutdown$$00000002  c_w.l(libshutdown2.o)
    0x00000146   0x00000146   0x00000000   Code   RO          664    .ARM.Collect$$libshutdown$$00000004  c_w.l(libshutdown2.o)
    0x00000146   0x00000146   0x00000000   Code   RO          667    .ARM.Collect$$libshutdown$$00000007  c_w.l(libshutdown2.o)
    0x00000146   0x00000146   0x00000000   Code   RO          670    .ARM.Collect$$libshutdown$$0000000A  c_w.l(libshutdown2.o)
    0x00000146   0x00000146   0x00000000   Code   RO          672    .ARM.Collect$$libshutdown$$0000000C  c_w.l(libshutdown2.o)
    0x00000146   0x00000146   0x00000000   Code   RO          675    .ARM.Collect$$libshutdown$$0000000F  c_w.l(libshutdown2.o)
    0x00000146   0x00000146   0x00000002   Code   RO          676    .ARM.Collect$$libshutdown$$00000010  c_w.l(libshutdown2.o)
    0x00000148   0x00000148   0x00000000   Code   RO          515    .ARM.Collect$$rtentry$$00000000  c_w.l(__rtentry.o)
    0x00000148   0x00000148   0x00000000   Code   RO          523    .ARM.Collect$$rtentry$$00000002  c_w.l(__rtentry2.o)
    0x00000148   0x00000148   0x00000006   Code   RO          535    .ARM.Collect$$rtentry$$00000004  c_w.l(__rtentry4.o)
    0x0000014e   0x0000014e   0x00000000   Code   RO          525    .ARM.Collect$$rtentry$$00000009  c_w.l(__rtentry2.o)
    0x0000014e   0x0000014e   0x00000004   Code   RO          526    .ARM.Collect$$rtentry$$0000000A  c_w.l(__rtentry2.o)
    0x00000152   0x00000152   0x00000000   Code   RO          528    .ARM.Collect$$rtentry$$0000000C  c_w.l(__rtentry2.o)
    0x00000152   0x00000152   0x00000008   Code   RO          529    .ARM.Collect$$rtentry$$0000000D  c_w.l(__rtentry2.o)
    0x0000015a   0x0000015a   0x00000002   Code   RO          560    .ARM.Collect$$rtexit$$00000000  c_w.l(rtexit.o)
    0x0000015c   0x0000015c   0x00000000   Code   RO          614    .ARM.Collect$$rtexit$$00000002  c_w.l(rtexit2.o)
    0x0000015c   0x0000015c   0x00000004   Code   RO          615    .ARM.Collect$$rtexit$$00000003  c_w.l(rtexit2.o)
    0x00000160   0x00000160   0x00000006   Code   RO          616    .ARM.Collect$$rtexit$$00000004  c_w.l(rtexit2.o)
    0x00000166   0x00000166   0x00000002   PAD
    0x00000168   0x00000168   0x0000002c   Code   RO          207    .emb_text           main..o
    0x00000194   0x00000194   0x0000003c   Code   RO          457  * .text               startup_lpc17xx.o
    0x000001d0   0x000001d0   0x00000018   Code   RO          509    .text               c_w.l(noretval__2printf.o)
    0x000001e8   0x000001e8   0x00000006   Code   RO          511    .text               c_w.l(heapauxi.o)
    0x000001ee   0x000001ee   0x00000002   PAD
    0x000001f0   0x000001f0   0x00000024   Code   RO          520    .text               c_w.l(_printf_char_file.o)
    0x00000214   0x00000214   0x00000030   Code   RO          539    .text               c_w.l(_printf_char_common.o)
    0x00000244   0x00000244   0x0000004a   Code   RO          541    .text               c_w.l(sys_stackheap_outer.o)
    0x0000028e   0x0000028e   0x00000028   Code   RO          543    .text               c_w.l(__printf_nopercent.o)
    0x000002b6   0x000002b6   0x00000012   Code   RO          545    .text               c_w.l(exit.o)
    0x000002c8   0x000002c8   0x00000008   Code   RO          557    .text               c_w.l(libspace.o)
    0x000002d0   0x000002d0   0x00000006   Code   RO           73    i.Free              uart.o
    0x000002d6   0x000002d6   0x00000002   PAD
    0x000002d8   0x000002d8   0x00000024   Code   RO           74    i.FreeRcv           uart.o
    0x000002fc   0x000002fc   0x00000004   Code   RO          456    .ARM.__at_0x02FC    startup_lpc17xx.o
    0x00000300   0x00000300   0x00000024   Code   RO           75    i.FreeSnd           uart.o
    0x00000324   0x00000324   0x00000074   Code   RO          208    i.PendSV_Handler    main..o
    0x00000398   0x00000398   0x000000ec   Code   RO          209    i.SysTick_Handler   main..o
    0x00000484   0x00000484   0x00000140   Code   RO          467    i.SystemInit        system_lpc17xx.o
    0x000005c4   0x000005c4   0x00000068   Code   RO           79    i.UART0_IRQHandler  uart.o
    0x0000062c   0x0000062c   0x00000070   Code   RO           80    i.UART1_IRQHandler  uart.o
    0x0000069c   0x0000069c   0x000000bc   Code   RO           81    i.UARTInit          uart.o
    0x00000758   0x00000758   0x00000024   Code   RO           85    i.UARTSendChar      uart.o
    0x0000077c   0x0000077c   0x00000022   Code   RO           86    i.__NVIC_EnableIRQ  uart.o
    0x0000079e   0x0000079e   0x00000002   PAD
    0x000007a0   0x000007a0   0x00000028   Code   RO          210    i.__NVIC_SetPriority  main..o
    0x000007c8   0x000007c8   0x00000004   Code   RO            1    i._sys_exit         retarget.o
    0x000007cc   0x000007cc   0x00000032   Code   RO          211    i.dequeue           main..o
    0x000007fe   0x000007fe   0x0000002c   Code   RO          212    i.enqueue           main..o
    0x0000082a   0x0000082a   0x00000008   Code   RO            3    i.ferror            retarget.o
    0x00000832   0x00000832   0x00000016   Code   RO          213    i.findMutexPrio     main..o
    0x00000848   0x00000848   0x00000030   Code   RO          214    i.findPrioQueue     main..o
    0x00000878   0x00000878   0x0000000e   Code   RO            5    i.fputc             retarget.o
    0x00000886   0x00000886   0x00000002   PAD
    0x00000888   0x00000888   0x00000048   Code   RO           87    i.getFrequency      uart.o
    0x000008d0   0x000008d0   0x0000000a   Code   RO          215    i.initQueue         main..o
    0x000008da   0x000008da   0x00000002   PAD
    0x000008dc   0x000008dc   0x0000006c   Code   RO          216    i.main              main..o
    0x00000948   0x00000948   0x00000018   Code   RO          217    i.osDelay           main..o
    0x00000960   0x00000960   0x00000070   Code   RO          219    i.osKernelInitialize  main..o
    0x000009d0   0x000009d0   0x000000ac   Code   RO          220    i.osKernelStart     main..o
    0x00000a7c   0x00000a7c   0x00000080   Code   RO          221    i.osMutexAcquire    main..o
    0x00000afc   0x00000afc   0x00000058   Code   RO          222    i.osMutexNew        main..o
    0x00000b54   0x00000b54   0x0000003c   Code   RO          223    i.osMutexRelease    main..o
    0x00000b90   0x00000b90   0x000000b0   Code   RO          228    i.osThreadNew       main..o
    0x00000c40   0x00000c40   0x00000070   Code   RO          230    i.osThreadYield     main..o
    0x00000cb0   0x00000cb0   0x00000084   Code   RO          231    i.releaseTasks      main..o
    0x00000d34   0x00000d34   0x00000044   Code   RO            7    i.sendchar          retarget.o
    0x00000d78   0x00000d78   0x00000018   Code   RO          232    i.t0                main..o
    0x00000d90   0x00000d90   0x00000024   Code   RO          233    i.t1                main..o
    0x00000db4   0x00000db4   0x00000024   Code   RO          234    i.t2                main..o
    0x00000dd8   0x00000dd8   0x00000040   Code   RO          235    i.t3                main..o
    0x00000e18   0x00000e18   0x00000038   Code   RO          236    i.t4                main..o
    0x00000e50   0x00000e50   0x00000040   Code   RO          237    i.t5                main..o
    0x00000e90   0x00000e90   0x0000001c   Code   RO          238    i.taskPrioInherit   main..o
    0x00000eac   0x00000eac   0x0000001c   Code   RO          239    i.taskPrioReset     main..o
    0x00000ec8   0x00000ec8   0x0000001c   Code   RO          240    i.updateMutexBitVector  main..o
    0x00000ee4   0x00000ee4   0x00000038   Code   RO          241    i.updateQueuesBitVector  main..o
    0x00000f1c   0x00000f1c   0x00000020   Data   RO          680    Region$$Table       anon$$obj.o


    Execution Region ER_RW (Exec base: 0x10000000, Load base: 0x00000f3c, Size: 0x0000004c, Max: 0xffffffff, ABSOLUTE)

    Exec Addr    Load Addr    Size         Type   Attr      Idx    E Section Name        Object

    0x10000000   0x00000f3c   0x0000000c   Data   RW            8    .data               retarget.o
    0x1000000c   0x00000f48   0x00000020   Data   RW           89    .data               uart.o
    0x1000002c   0x00000f68   0x0000001b   Data   RW          243    .data               main..o
    0x10000047   0x00000f83   0x00000001   PAD
    0x10000048   0x00000f84   0x00000004   Data   RW          468    .data               system_lpc17xx.o


    Execution Region ER_ZI (Exec base: 0x1000004c, Load base: 0x00000f88, Size: 0x00002284, Max: 0xffffffff, ABSOLUTE)

    Exec Addr    Load Addr    Size         Type   Attr      Idx    E Section Name        Object

    0x1000004c        -       0x00000080   Zero   RW           88    .bss                uart.o
    0x100000cc        -       0x000001a0   Zero   RW          242    .bss                main..o
    0x1000026c        -       0x00000060   Zero   RW          558    .bss                c_w.l(libspace.o)
    0x100002cc   0x00000f88   0x00000004   PAD
    0x100002d0        -       0x00000000   Zero   RW          454    HEAP                startup_lpc17xx.o
    0x100002d0        -       0x00002000   Zero   RW          453    STACK               startup_lpc17xx.o


==============================================================================

Image component sizes


      Code (inc. data)   RO Data    RW Data    ZI Data      Debug   Object Name

      2142        340          0         27        416      63411   main..o
        94          4          0         12          0       8143   retarget.o
        64         26        204          0       8192        956   startup_lpc17xx.o
       320         18          0          4          0        763   system_lpc17xx.o
       624         86          0         32        128      22419   uart.o

    ----------------------------------------------------------------------
      3252        474        236         76       8736      95692   Object Totals
         0          0         32          0          0          0   (incl. Generated)
         8          0          0          1          0          0   (incl. Padding)

    ----------------------------------------------------------------------

      Code (inc. data)   RO Data    RW Data    ZI Data      Debug   Library Member Name

         8          0          0          0          0         68   __main.o
        40          0          0          0          0         84   __printf_nopercent.o
         0          0          0          0          0          0   __rtentry.o
        12          0          0          0          0          0   __rtentry2.o
         6          0          0          0          0          0   __rtentry4.o
        52          8          0          0          0          0   __scatter.o
        26          0          0          0          0          0   __scatter_copy.o
        28          0          0          0          0          0   __scatter_zi.o
        48          6          0          0          0         96   _printf_char_common.o
        36          4          0          0          0         80   _printf_char_file.o
        18          0          0          0          0         80   exit.o
         6          0          0          0          0        152   heapauxi.o
         2          0          0          0          0          0   libinit.o
         2          0          0          0          0          0   libinit2.o
         2          0          0          0          0          0   libshutdown.o
         2          0          0          0          0          0   libshutdown2.o
         8          4          0          0         96         68   libspace.o
        24          4          0          0          0         84   noretval__2printf.o
         2          0          0          0          0          0   rtexit.o
        10          0          0          0          0          0   rtexit2.o
        74          0          0          0          0         80   sys_stackheap_outer.o

    ----------------------------------------------------------------------
       412         26          0          0        100        792   Library Totals
         6          0          0          0          4          0   (incl. Padding)

    ----------------------------------------------------------------------

      Code (inc. data)   RO Data    RW Data    ZI Data      Debug   Library Name

       406         26          0          0         96        792   c_w.l

    ----------------------------------------------------------------------
       412         26          0          0        100        792   Library Totals

    ----------------------------------------------------------------------

==============================================================================


      Code (inc. data)   RO Data    RW Data    ZI Data      Debug   

      3664        500        236         76       8836      94192   Grand Totals
      3664        500        236         76       8836      94192   ELF Image Totals
      3664        500        236         76          0          0   ROM Totals

==============================================================================

    Total RO  Size (Code + RO Data)                 3900 (   3.81kB)
    Total RW  Size (RW Data + ZI Data)              8912 (   8.70kB)
    Total ROM Size (Code + RO Data + RW Data)       3976 (   3.88kB)

==============================================================================

